Archive member included to satisfy reference by file (symbol)

/opt/riscv/lib/gcc/riscv32-unknown-elf/12.1.0/libgcc.a(muldi3.o)
                              kuart.elf-kuart.o (__mulsi3)

Memory Configuration

Name             Origin             Length             Attributes
vexriscv_debug   0x00000000f00f0000 0x0000000000000100
dff              0x0000000000000000 0x0000000000000400
dff2             0x0000000000000400 0x0000000000000200
flash            0x0000000010000000 0x0000000001000000
mprj             0x0000000030000000 0x0000000000100000
mprjram          0x0000000038000000 0x0000000000400000
hk               0x0000000026000000 0x0000000000100000
csr              0x00000000f0000000 0x0000000000010000
*default*        0x0000000000000000 0xffffffffffffffff

Linker script and memory map

                0x0000000000000000                __DYNAMIC = 0x0

.text           0x0000000010000000     0x1358
                0x0000000010000000                _ftext = .
 *crt0*(.text)
 .text          0x0000000010000000      0x144 kuart.elf-crt0_vex.o
                0x0000000010000000                _start
                0x0000000010000020                trap_entry
 *crt0*(.text)
 *(.text.isr)
                0x0000000010000144                _etext = .
 .text          0x0000000010000144       0x8c kuart.elf-isr.o
                0x00000000100001a4                isr
 .text          0x00000000100001d0       0x38 kuart.elf-kuart.o
 .text          0x0000000010000208     0x1150 kuart.elf-kcounter_la_uart.o
                0x0000000010000240                putchar
                0x00000000100002a8                print
                0x00000000100002fc                main

.mprj           0x0000000010001358      0x1ec
 .mprj          0x0000000010001358      0x1ec kuart.elf-kuart.o
                0x0000000010001358                uart_write
                0x00000000100013a0                uart_write_char
                0x0000000010001408                uart_write_string
                0x000000001000145c                uart_read_char
                0x00000000100014d0                uart_read

.rodata         0x0000000010001544        0x4
                0x0000000010001548                . = ALIGN (0x8)
 *fill*         0x0000000010001544        0x4 
                0x0000000010001548                _frodata = .
 *(.rodata .rodata.* .gnu.linkonce.r.*)
 *(.rodata1)
                0x0000000010001548                . = ALIGN (0x8)
                0x0000000010001548                _erodata = .

.data           0x0000000000000000      0x100 load address 0x0000000010001548
                0x0000000000000000                . = ALIGN (0x8)
                0x0000000000000000                _fdata = .
 *(.data .data.* .gnu.linkonce.d.*)
 .data          0x0000000000000000        0x0 kuart.elf-crt0_vex.o
 .data          0x0000000000000000        0x0 kuart.elf-isr.o
 .data          0x0000000000000000      0x100 kuart.elf-kuart.o
                0x0000000000000000                taps
                0x000000000000002c                inputsignal
                0x0000000000000058                A
                0x0000000000000098                B
                0x00000000000000d8                A_Q
 .data          0x0000000000000100        0x0 kuart.elf-kcounter_la_uart.o
 .data          0x0000000000000100        0x0 /opt/riscv/lib/gcc/riscv32-unknown-elf/12.1.0/libgcc.a(muldi3.o)
 *(.data1)
                0x0000000000000100                _gp = ALIGN (0x10)
 *(.sdata .sdata.* .gnu.linkonce.s.*)
                0x0000000000000100                . = ALIGN (0x8)
                0x0000000000000100                _edata = .

.bss            0x0000000000000100       0x98 load address 0x0000000010001648
                0x0000000000000100                . = ALIGN (0x8)
                0x0000000000000100                _fbss = .
 *(.dynsbss)
 *(.sbss .sbss.* .gnu.linkonce.sb.*)
 *(.scommon)
 *(.dynbss)
 *(.bss .bss.* .gnu.linkonce.b.*)
 .bss           0x0000000000000100        0x0 kuart.elf-crt0_vex.o
 .bss           0x0000000000000100        0x0 kuart.elf-isr.o
 .bss           0x0000000000000100       0x98 kuart.elf-kuart.o
                0x0000000000000100                inputbuffer
                0x000000000000012c                outputsignal
                0x0000000000000158                result
 .bss           0x0000000000000198        0x0 kuart.elf-kcounter_la_uart.o
 .bss           0x0000000000000198        0x0 /opt/riscv/lib/gcc/riscv32-unknown-elf/12.1.0/libgcc.a(muldi3.o)
 *(COMMON)
                0x0000000000000198                . = ALIGN (0x8)
                0x0000000000000198                _ebss = .
                0x0000000000000198                _end = .

.mprjram        0x0000000038000000      0x53c load address 0x0000000010001648
                0x0000000038000000                . = ALIGN (0x8)
                0x0000000038000000                _fsram = .
 *libgcc.a:*(.text .text.*)
 .text          0x0000000038000000       0x24 /opt/riscv/lib/gcc/riscv32-unknown-elf/12.1.0/libgcc.a(muldi3.o)
                0x0000000038000000                __mulsi3
 .mprjram       0x0000000038000024      0x518 kuart.elf-kuart.o
                0x0000000038000024                initfir
                0x000000003800008c                firfilter
                0x000000003800017c                fir
                0x00000000380001fc                matmul
                0x0000000038000314                partition
                0x0000000038000498                sort
                0x0000000038000508                qsort
                0x0000000000000600                PROVIDE (_fstack = (ORIGIN (dff2) + LENGTH (dff2)))
                0x0000000010001548                PROVIDE (_fdata_rom = LOADADDR (.data))
                [!provide]                        PROVIDE (_edata_rom = (LOADADDR (.data) + SIZEOF (.data)))
                0x000000003800053c                PROVIDE (_esram = (ORIGIN (mprjram) + SIZEOF (.mprjram)))
                0x0000000010001648                PROVIDE (_esram_rom = LOADADDR (.mprjram))
LOAD kuart.elf-crt0_vex.o
LOAD kuart.elf-isr.o
LOAD kuart.elf-kuart.o
LOAD kuart.elf-kcounter_la_uart.o
LOAD /opt/riscv/lib/gcc/riscv32-unknown-elf/12.1.0/libgcc.a
START GROUP
LOAD /opt/riscv/lib/gcc/riscv32-unknown-elf/12.1.0/../../../../riscv32-unknown-elf/lib/libc.a
LOAD /opt/riscv/lib/gcc/riscv32-unknown-elf/12.1.0/../../../../riscv32-unknown-elf/lib/libgloss.a
END GROUP
LOAD /opt/riscv/lib/gcc/riscv32-unknown-elf/12.1.0/libgcc.a
OUTPUT(kuart.elf elf32-littleriscv)

.rela.dyn       0x000000003800053c        0x0 load address 0x0000000010001b84
 .rela.text     0x000000003800053c        0x0 kuart.elf-crt0_vex.o

.riscv.attributes
                0x0000000000000000       0x20
 .riscv.attributes
                0x0000000000000000       0x1e kuart.elf-crt0_vex.o
 .riscv.attributes
                0x000000000000001e       0x20 kuart.elf-isr.o
 .riscv.attributes
                0x000000000000003e       0x1c kuart.elf-kuart.o
 .riscv.attributes
                0x000000000000005a       0x1c kuart.elf-kcounter_la_uart.o
 .riscv.attributes
                0x0000000000000076       0x1a /opt/riscv/lib/gcc/riscv32-unknown-elf/12.1.0/libgcc.a(muldi3.o)

.comment        0x0000000000000000       0x1b
 .comment       0x0000000000000000       0x1b kuart.elf-isr.o
                                         0x1c (size before relaxing)
 .comment       0x000000000000001b       0x1c kuart.elf-kuart.o
 .comment       0x000000000000001b       0x1c kuart.elf-kcounter_la_uart.o

.debug_line     0x0000000000000000     0x1a70
 .debug_line    0x0000000000000000      0x204 kuart.elf-crt0_vex.o
 .debug_line    0x0000000000000204       0x9e kuart.elf-isr.o
 .debug_line    0x00000000000002a2      0x635 kuart.elf-kuart.o
 .debug_line    0x00000000000008d7     0x111f kuart.elf-kcounter_la_uart.o
 .debug_line    0x00000000000019f6       0x7a /opt/riscv/lib/gcc/riscv32-unknown-elf/12.1.0/libgcc.a(muldi3.o)

.debug_line_str
                0x0000000000000000      0x198
 .debug_line_str
                0x0000000000000000       0x6f kuart.elf-crt0_vex.o
 .debug_line_str
                0x000000000000006f       0x28 kuart.elf-isr.o
                                         0xed (size before relaxing)
 .debug_line_str
                0x0000000000000097       0x53 kuart.elf-kuart.o
                                        0x125 (size before relaxing)
 .debug_line_str
                0x00000000000000ea       0x1a kuart.elf-kcounter_la_uart.o
                                        0x145 (size before relaxing)
 .debug_line_str
                0x0000000000000104       0x94 /opt/riscv/lib/gcc/riscv32-unknown-elf/12.1.0/libgcc.a(muldi3.o)

.debug_info     0x0000000000000000      0x6c0
 .debug_info    0x0000000000000000       0x25 kuart.elf-crt0_vex.o
 .debug_info    0x0000000000000025       0xc5 kuart.elf-isr.o
 .debug_info    0x00000000000000ea      0x439 kuart.elf-kuart.o
 .debug_info    0x0000000000000523      0x16e kuart.elf-kcounter_la_uart.o
 .debug_info    0x0000000000000691       0x2f /opt/riscv/lib/gcc/riscv32-unknown-elf/12.1.0/libgcc.a(muldi3.o)

.debug_abbrev   0x0000000000000000      0x3c6
 .debug_abbrev  0x0000000000000000       0x14 kuart.elf-crt0_vex.o
 .debug_abbrev  0x0000000000000014       0x86 kuart.elf-isr.o
 .debug_abbrev  0x000000000000009a      0x1fc kuart.elf-kuart.o
 .debug_abbrev  0x0000000000000296      0x10f kuart.elf-kcounter_la_uart.o
 .debug_abbrev  0x00000000000003a5       0x21 /opt/riscv/lib/gcc/riscv32-unknown-elf/12.1.0/libgcc.a(muldi3.o)

.debug_aranges  0x0000000000000000      0x100
 .debug_aranges
                0x0000000000000000       0x20 kuart.elf-crt0_vex.o
 .debug_aranges
                0x0000000000000020       0x20 kuart.elf-isr.o
 .debug_aranges
                0x0000000000000040       0x80 kuart.elf-kuart.o
 .debug_aranges
                0x00000000000000c0       0x20 kuart.elf-kcounter_la_uart.o
 .debug_aranges
                0x00000000000000e0       0x20 /opt/riscv/lib/gcc/riscv32-unknown-elf/12.1.0/libgcc.a(muldi3.o)

.debug_str      0x0000000000000000      0x2e0
 .debug_str     0x0000000000000000       0x7b kuart.elf-crt0_vex.o
 .debug_str     0x000000000000007b       0xd5 kuart.elf-isr.o
                                        0x10e (size before relaxing)
 .debug_str     0x0000000000000150       0xd3 kuart.elf-kuart.o
                                        0x1da (size before relaxing)
 .debug_str     0x0000000000000223       0x20 kuart.elf-kcounter_la_uart.o
                                        0x13d (size before relaxing)
 .debug_str     0x0000000000000243       0x9d /opt/riscv/lib/gcc/riscv32-unknown-elf/12.1.0/libgcc.a(muldi3.o)
                                         0xa9 (size before relaxing)

.debug_frame    0x0000000000000000      0x398
 .debug_frame   0x0000000000000000       0xa4 kuart.elf-isr.o
 .debug_frame   0x00000000000000a4      0x224 kuart.elf-kuart.o
 .debug_frame   0x00000000000002c8       0xd0 kuart.elf-kcounter_la_uart.o

.debug_rnglists
                0x0000000000000000       0x82
 .debug_rnglists
                0x0000000000000000       0x82 kuart.elf-kuart.o
